%!Adobe-FontList 1.16.1
%Locale:0x415

%BeginFont
Handler:DirectoryHandler
FontType:TrueType
FontName:FLPismoTechnicznePochyle
FamilyName:FL Pismo Techniczne Pochyle
StyleName:Regular
FullName:FL Pismo Techniczne Pochyle
MenuName:FL Pismo Techniczne Pochyle
StyleBits:0
WritingScript:Roman
OutlineFileName:C:\CREO-Ustawienia\czcionka\\FL Pismo Techniczne Pochyle.ttf
DataFormat:sfntData
FileLength:69656
FileModTime:1384256870
WeightClass:400
WidthClass:5
AngleClass:0
NameArray:0,Mac,4,FL Pismo Techniczne Pochyle
NameArray:29,Win,1,FL Pismo Techniczne Pochyle
%EndFont

%BeginFont
Handler:DirectoryHandler
FontType:TrueType
FontName:ISOCPEUR
FamilyName:ISOCPEUR
StyleName:Regular
FullName:ISOCPEUR
MenuName:ISOCPEUR
StyleBits:0
WritingScript:Roman
OutlineFileName:C:\CREO-Ustawienia\czcionka\\isocpeur.ttf
DataFormat:sfntData
FileLength:139612
FileModTime:1223105229
WeightClass:400
WidthClass:5
AngleClass:0
NameArray:0,Mac,4,ISOCPEUR
NameArray:0,Win,1,ISOCPEUR
%EndFont

%BeginFont
Handler:DirectoryHandler
FontType:TrueType
FontName:FLPismoTechnicznePochyle
FamilyName:FL Pismo Techniczne Pochyle
StyleName:Regular
FullName:FL Pismo Techniczne Pochyle
MenuName:FL Pismo Techniczne Pochyle
StyleBits:0
WritingScript:Roman
OutlineFileName:C:\CREO-Ustawienia\czcionka\\it.ttf
DataFormat:sfntData
FileLength:69656
FileModTime:1384256868
WeightClass:400
WidthClass:5
AngleClass:0
NameArray:0,Mac,4,FL Pismo Techniczne Pochyle
NameArray:29,Win,1,FL Pismo Techniczne Pochyle
%EndFont

